[backblue.gif]
[fade.gif]
[index.html]
[bestwallettoken.com/index.html]
[bestwallettoken.com/en.html]
[bestwallettoken.com/bestwallet/images/banner-bottom-cloud.png]
[bestwallettoken.com/bestwallet/images/store-icon.svg]
[bestwallettoken.com/_next/static/css/f776ee01df54fdd6.css]
[bestwallettoken.com/_next/static/css/d3df112486f97f47.css]
[bestwallettoken.com/_next/static/css/b26a1f6328a29379.css]
[bestwallettoken.com/_next/static/css/fd6785c9f3896fa4.css]
[bestwallettoken.com/_next/static/css/08630778a56fa3e3.css]
[bestwallettoken.com/_next/static/css/33dd174552b8b596.css]
[bestwallettoken.com/_next/static/css/9b2a58b58d746bd9.css]
[bestwallettoken.com/_next/static/css/84b2aeb934d6f2b9.css]
[bestwallettoken.com/_next/static/css/68c5959610401eca.css]
[bestwallettoken.com/_next/static/css/3e52d6cc99d28485.css]
[bestwallettoken.com/_next/static/css/037d44dc3c77e265.css]
[bestwallettoken.com/_next/static/css/6372a76e0691daab.css]
[bestwallettoken.com/_next/static/css/74f67da5827e3918.css]
[bestwallettoken.com/_next/static/css/b5f054c18186d64f.css]
[bestwallettoken.com/_next/static/css/b180f267a36ebac2.css]
[bestwallettoken.com/_next/static/css/f7b34f761933d546.css]
[bestwallettoken.com/_next/static/css/6c82731cdd94e708.css]
[bestwallettoken.com/_next/static/chunks/webpack-946ffdd320542c7d.js]
[bestwallettoken.com/_next/static/chunks/fd9d1056-252629aeb2b4a294.js]
[bestwallettoken.com/_next/static/chunks/7023-864ee4bc1457fa71.js]
[bestwallettoken.com/_next/static/chunks/main-app-b8d8f654a4c3de8b.js]
[bestwallettoken.com/_next/static/chunks/4984-36ced37105b598ec.js]
[bestwallettoken.com/_next/static/chunks/2086-7904c7e2ded9d378.js]
[bestwallettoken.com/_next/static/chunks/1825-c0c8bf2940bde232.js]
[bestwallettoken.com/_next/static/chunks/4233-4b83730ec9896ffc.js]
[bestwallettoken.com/_next/static/chunks/6654-c1b27f7244facc9a.js]
[bestwallettoken.com/_next/static/chunks/app/[locale]/(bestwallet)/loading-871e09b306462e3c.js]
[bestwallettoken.com/_next/static/chunks/7ce798d6-4ab14e948af6454a.js]
[bestwallettoken.com/_next/static/chunks/5618-ba070944148e2687.js]
[bestwallettoken.com/_next/static/chunks/5223-b3f99afcf3790f87.js]
[bestwallettoken.com/_next/static/chunks/4727-dec0dc9e073d2a1a.js]
[bestwallettoken.com/_next/static/chunks/app/[locale]/(bestwallet)/layout-eb6b2f286b519468.js]
[bestwallettoken.com/_next/static/chunks/4384-014c8af4027c9bc1.js]
[bestwallettoken.com/_next/static/chunks/1820-4cd3d9eebd1b9d6e.js]
[bestwallettoken.com/_next/static/chunks/2415-61494ccdfbb45d93.js]
[bestwallettoken.com/_next/static/chunks/7475-5a119dedf0772d79.js]
[bestwallettoken.com/_next/static/chunks/787-c805093d9c910331.js]
[bestwallettoken.com/_next/static/chunks/402-6774786ffba794fb.js]
[bestwallettoken.com/_next/static/chunks/163-7ced763d6fc90538.js]
[bestwallettoken.com/_next/static/chunks/2197-f5e9124cee228bbc.js]
[bestwallettoken.com/_next/static/chunks/app/[locale]/(bestwallet)/page-5b757aed5d1cc0d3.js]
[bestwallettoken.com/bestwallet/images/key-features-1.webp]
[bestwallettoken.com/bestwallet/images/key-features-2.webp]
[bestwallettoken.com/bestwallet/images/key-features-3.webp]
[bestwallettoken.com/bestwallet/images/airdrop-bottom-mobile.png]
[bestwallettoken.com/ar.html]
[bestwallettoken.com/bg.html]
[bestwallettoken.com/zh.html]
[bestwallettoken.com/cs.html]
[bestwallettoken.com/da.html]
[bestwallettoken.com/nl.html]
[bestwallettoken.com/fr.html]
[bestwallettoken.com/de.html]
[bestwallettoken.com/hu.html]
[bestwallettoken.com/id.html]
[bestwallettoken.com/it.html]
[bestwallettoken.com/ja.html]
[bestwallettoken.com/ko.html]
[bestwallettoken.com/pl.html]
[bestwallettoken.com/pt.html]
[bestwallettoken.com/ro.html]
[bestwallettoken.com/ru.html]
[bestwallettoken.com/sk.html]
[bestwallettoken.com/es.html]
[bestwallettoken.com/th.html]
[bestwallettoken.com/tr.html]
[bestwallettoken.com/vi.html]
[dev.visualwebsiteoptimizer.com/ee5ba7.gif]
[bestwallettoken.com/vi/GET.html]
[bestwallettoken.com/_next/static/chunks/polyfills-78c92fac7aa8fdd8.js]
[bestwallettoken.com/images/flags/ar.svg]
[bestwallettoken.com/images/flags/kr.svg]
[bestwallettoken.com/images/flags/pt.svg]
[bestwallettoken.com/images/flags/sk.svg]
[bestwallettoken.com/images/flags/es.svg]
[bestwallettoken.com/en/staking.html]
[bestwallettoken.com/documents/whitepaper.pdf]
[bestwallettoken.com/bestwallet/images/shape-heading.svg]
[bestwallettoken.com/bestwallet/svgIcons/best-wallet.svg]
[bestwallettoken.com/bestwallet/svgIcons/best-card.svg]
[bestwallettoken.com/_next/store-14e2c.png]
[bestwallettoken.com/_next/store-237ce.png]
[bestwallettoken.com/_next/store-3e216.png]
[bestwallettoken.com/_next/store-48e64.png]
[bestwallettoken.com/_next/store-54d4e.png]
[bestwallettoken.com/_next/store-765f4.png]
[bestwallettoken.com/_next/store-856ce.png]
[bestwallettoken.com/_next/store-90d3b.png]
[bestwallettoken.com/_next/store-11ab1c.png]
[bestwallettoken.com/_next/store-12e6a7.png]
[bestwallettoken.com/images/footer/footer-social-media/Logo.svg]
[bestwallettoken.com/bestwallet/pdf/Best Wallet Terms of Service.pdf]
[bestwallettoken.com/bestwallet/pdf/Best Wallet Privacy Policy.pdf]
[bestwallettoken.com/bestwallet/pdf/Best Wallet Cookies Policy.pdf]
[bestwallettoken.com/en/airdrop.html]
[bestwallettoken.com/images/home/bannerimages/app-Store.svg]
[bestwallettoken.com/images/home/bannerimages/google-pay.svg]
[bestwallettoken.com/images/footer/footer-social-media/Telegram.svg]
[bestwallettoken.com/images/footer/footer-social-media/Discord.svg]
[bestwallettoken.com/en.html]
[bestwallettoken.com/bestwallet/images/store-icon.svg]
[bestwallettoken.com/bestwallet/svgIcons/check.svg]
[bestwallettoken.com/_next/static/media/Poppins-Regular.4b4ebe20.ttf]
[bestwallettoken.com/_next/static/media/Poppins-SemiBold.98512bf8.ttf]
[bestwallettoken.com/fonts/Poppins/Poppins-Bold.ttf]
[bestwallettoken.com/_next/static/media/Poppins-Medium.a52d0bf0.ttf]
[bestwallettoken.com/_next/static/css/f776ee01df54fdd6.css]
[bestwallettoken.com/_next/static/css/d3df112486f97f47.css]
[bestwallettoken.com/_next/static/css/b26a1f6328a29379.css]
[bestwallettoken.com/_next/static/css/fd6785c9f3896fa4.css]
[bestwallettoken.com/_next/static/css/08630778a56fa3e3.css]
[bestwallettoken.com/_next/static/css/c3b08c78bcb230fe.css]
[bestwallettoken.com/_next/static/css/33dd174552b8b596.css]
[bestwallettoken.com/_next/static/css/9b2a58b58d746bd9.css]
[bestwallettoken.com/_next/static/media/sf-pro.6de88030.OTF]
[bestwallettoken.com/_next/static/media/owl.video.play.e3b43643.png]
[bestwallettoken.com/_next/static/css/84b2aeb934d6f2b9.css]
[bestwallettoken.com/bestwallet/images/app-1.webp]
[bestwallettoken.com/bestwallet/images/mobile-app-1.webp]
[bestwallettoken.com/bestwallet/images/software-1.png]
[bestwallettoken.com/bestwallet/images/coming-soon-bg.svg]
[bestwallettoken.com/_next/static/media/presale-airdrop-bg.7b75410b.webp]
[bestwallettoken.com/bestwallet/images/presale-airdrop-mobile-bg.webp]
[bestwallettoken.com/bestwallet/images/roadmap-bar-right-bg.svg]
[bestwallettoken.com/bestwallet/images/active-roadmap.svg]
[bestwallettoken.com/images/roadmap-graphic.svg]
[bestwallettoken.com/images/eco-system-left.png]
[bestwallettoken.com/images/eco-system-right.png]
[bestwallettoken.com/_next/static/css/68c5959610401eca.css]
[bestwallettoken.com/images/bestwallet-modal/qr_background.png]
[bestwallettoken.com/_next/static/media/revicons.ff59b316.woff]
[bestwallettoken.com/_next/static/media/revicons.b96bdb22.ttf]
[bestwallettoken.com/_next/static/css/3e52d6cc99d28485.css]
[bestwallettoken.com/_next/static/css/037d44dc3c77e265.css]
[bestwallettoken.com/_next/static/media/revicons.652e7269.eot]
[bestwallettoken.com/bestwallet/images/banner-large-bg.webp]
[bestwallettoken.com/bestwallet/images/banner-desktop-bg.webp]
[bestwallettoken.com/bestwallet/images/hero-mobile-bg.webp]
[bestwallettoken.com/bestwallet/images/widget-no-connected-bg.webp]
[bestwallettoken.com/bestwallet/images/widget-connected-bg.webp]
[bestwallettoken.com/_next/static/css/6372a76e0691daab.css]
[bestwallettoken.com/_next/static/css/74f67da5827e3918.css]
[bestwallettoken.com/_next/static/css/b5f054c18186d64f.css]
[bestwallettoken.com/_next/static/css/b180f267a36ebac2.css]
[bestwallettoken.com/bestwallet/images/widget-top-stars.svg]
[bestwallettoken.com/_next/static/css/f7b34f761933d546.css]
[bestwallettoken.com/_next/static/css/6c82731cdd94e708.css]
[bestwallettoken.com/ar.html]
[bestwallettoken.com/ar/staking.html]
[bestwallettoken.com/bg.html]
[bestwallettoken.com/bg/staking.html]
[bestwallettoken.com/zh.html]
[bestwallettoken.com/zh/staking.html]
[bestwallettoken.com/cs.html]
[bestwallettoken.com/cs/staking.html]
[bestwallettoken.com/da.html]
[bestwallettoken.com/da/staking.html]
[bestwallettoken.com/nl.html]
[bestwallettoken.com/nl/staking.html]
[bestwallettoken.com/fr.html]
[bestwallettoken.com/fr/staking.html]
[bestwallettoken.com/de.html]
[bestwallettoken.com/de/staking.html]
[bestwallettoken.com/hu.html]
[bestwallettoken.com/hu/staking.html]
[bestwallettoken.com/id.html]
[bestwallettoken.com/id/staking.html]
[bestwallettoken.com/it.html]
[bestwallettoken.com/it/staking.html]
[bestwallettoken.com/ja.html]
[bestwallettoken.com/ja/staking.html]
[bestwallettoken.com/ko.html]
[bestwallettoken.com/ko/staking.html]
[bestwallettoken.com/pl.html]
[bestwallettoken.com/pl/staking.html]
[bestwallettoken.com/pt.html]
[bestwallettoken.com/pt/staking.html]
[bestwallettoken.com/ro.html]
[bestwallettoken.com/ro/staking.html]
[bestwallettoken.com/ru.html]
[bestwallettoken.com/ru/staking.html]
[bestwallettoken.com/sk.html]
[bestwallettoken.com/sk/staking.html]
[bestwallettoken.com/es.html]
[bestwallettoken.com/es/staking.html]
[bestwallettoken.com/th.html]
[bestwallettoken.com/th/staking.html]
[bestwallettoken.com/tr.html]
[bestwallettoken.com/tr/staking.html]
[bestwallettoken.com/vi.html]
[bestwallettoken.com/vi/staking.html]
[bestwallettoken.com/_next/static/chunks/app/[locale]/(bestwallet)/[...not_found]/page-e81ff1813b79d975.js]
[bestwallettoken.com/vi/GET.html]
[bestwallettoken.com/images/flags/en.svg]
[bestwallettoken.com/images/flags/ar.svg]
[bestwallettoken.com/images/flags/bg.svg]
[bestwallettoken.com/images/flags/cn.svg]
[bestwallettoken.com/images/flags/cz.svg]
[bestwallettoken.com/images/flags/da.svg]
[bestwallettoken.com/images/flags/nl.svg]
[bestwallettoken.com/images/flags/fr.svg]
[bestwallettoken.com/images/flags/de.svg]
[bestwallettoken.com/images/flags/hu.svg]
[bestwallettoken.com/images/flags/id.svg]
[bestwallettoken.com/images/flags/it.svg]
[bestwallettoken.com/images/flags/jp.svg]
[bestwallettoken.com/images/flags/kr.svg]
[bestwallettoken.com/images/flags/pl.svg]
[bestwallettoken.com/images/flags/pt.svg]
[bestwallettoken.com/images/flags/ro.svg]
[bestwallettoken.com/images/flags/ru.svg]
[bestwallettoken.com/images/flags/sk.svg]
[bestwallettoken.com/images/flags/es.svg]
[bestwallettoken.com/images/flags/th.svg]
[bestwallettoken.com/images/flags/tr.svg]
[bestwallettoken.com/images/flags/vn.svg]
[bestwallettoken.com/_next/static/css/7654153df44d15cf.css]
[bestwallettoken.com/_next/static/chunks/app/[locale]/(bestwallet)/staking/loading-450540b1737b9629.js]
[bestwallettoken.com/_next/static/chunks/7339-dcf0cecce83be02b.js]
[bestwallettoken.com/_next/static/chunks/app/[locale]/(bestwallet)/staking/page-323ed791da1d8e48.js]
[bestwallettoken.com/en/GET.html]
[bestwallettoken.com/en/staking.html]
[bestwallettoken.com/bestwallet/images/shape-heading.svg]
[bestwallettoken.com/bestwallet/svgIcons/best-wallet.svg]
[bestwallettoken.com/bestwallet/svgIcons/best-card.svg]
[bestwallettoken.com/images/footer/footer-social-media/Logo.svg]
[bestwallettoken.com/_next/static/media/logo.54d35893.svg]
[bestwallettoken.com/_next/static/css/0bb41860bda823af.css]
[bestwallettoken.com/_next/static/css/badc4002cd0d734b.css]
[bestwallettoken.com/_next/static/chunks/1444-09a0329d377a987d.js]
[bestwallettoken.com/_next/static/chunks/2311-c3ce5f0a82e67ab5.js]
[bestwallettoken.com/_next/static/chunks/3370-fd8c6e05926d7bdf.js]
[bestwallettoken.com/_next/static/chunks/6832-9e4972104ff58350.js]
[bestwallettoken.com/_next/static/chunks/app/[locale]/airdrop/layout-c459b896d2d6ae1d.js]
[bestwallettoken.com/_next/static/chunks/app/[locale]/airdrop/loading-bebe50dab1330518.js]
[bestwallettoken.com/_next/static/chunks/app/[locale]/airdrop/not-found-0c8de70d040da046.js]
[bestwallettoken.com/_next/static/chunks/4214-866e548c2244b767.js]
[bestwallettoken.com/_next/static/chunks/913-29f19e10f708bf7a.js]
[bestwallettoken.com/_next/static/chunks/5883-88da232ec464a250.js]
[bestwallettoken.com/_next/static/chunks/app/[locale]/airdrop/page-61a820dd73c197a8.js]
[code.jquery.com/jquery-3.6.0.min.js]
[bestwallettoken.com/en/airdrop.html]
[bestwallettoken.com/images/home/bannerimages/app-Store.svg]
[bestwallettoken.com/images/home/bannerimages/google-pay.svg]
[bestwallettoken.com/images/footer/footer-social-media/Twitter.svg]
[bestwallettoken.com/images/footer/footer-social-media/Telegram.svg]
[bestwallettoken.com/images/footer/footer-social-media/Discord.svg]
[bestwallettoken.com/images/footer/footer-social-media/Linktree.svg]
[www.googletagmanager.com/gtm5445.html]
[bestwallettoken.com/bestwallet/images/coming-soon-bg.svg]
[bestwallettoken.com/_next/static/media/plus-circle.a58f924b.svg]
[bestwallettoken.com/_next/static/media/minus-circle.506a6c86.svg]
[bestwallettoken.com/bestwallet/images/roadmap-bar-right-bg.svg]
[bestwallettoken.com/bestwallet/images/active-roadmap.svg]
[bestwallettoken.com/images/roadmap-graphic.svg]
[bestwallettoken.com/bestwallet/images/widget-top-stars.svg]
[cdnjs.cloudflare.com/ajax/libs/OwlCarousel2/2.3.4/owl.carousel.min.js]
[bestwallettoken.com/ar/staking.html]
[bestwallettoken.com/ar/GET.html]
[bestwallettoken.com/bg/staking.html]
[bestwallettoken.com/bg/GET.html]
[bestwallettoken.com/zh/staking.html]
[bestwallettoken.com/zh/GET.html]
[bestwallettoken.com/cs/staking.html]
[bestwallettoken.com/cs/GET.html]
[bestwallettoken.com/da/staking.html]
[bestwallettoken.com/da/GET.html]
[bestwallettoken.com/nl/staking.html]
[bestwallettoken.com/nl/GET.html]
[bestwallettoken.com/fr/staking.html]
[bestwallettoken.com/fr/GET.html]
[bestwallettoken.com/de/staking.html]
[bestwallettoken.com/de/GET.html]
[bestwallettoken.com/hu/staking.html]
[bestwallettoken.com/hu/GET.html]
[bestwallettoken.com/id/staking.html]
[bestwallettoken.com/id/GET.html]
[bestwallettoken.com/it/staking.html]
[bestwallettoken.com/it/GET.html]
[bestwallettoken.com/ja/staking.html]
[bestwallettoken.com/ja/GET.html]
[bestwallettoken.com/ko/staking.html]
[bestwallettoken.com/ko/GET.html]
[bestwallettoken.com/pl/staking.html]
[bestwallettoken.com/pl/GET.html]
[bestwallettoken.com/pt/staking.html]
[bestwallettoken.com/pt/GET.html]
[bestwallettoken.com/ro/staking.html]
[bestwallettoken.com/ro/GET.html]
[bestwallettoken.com/ru/staking.html]
[bestwallettoken.com/ru/GET.html]
[bestwallettoken.com/sk/staking.html]
[bestwallettoken.com/sk/GET.html]
[bestwallettoken.com/es/staking.html]
[bestwallettoken.com/es/GET.html]
[bestwallettoken.com/th/staking.html]
[bestwallettoken.com/th/GET.html]
[bestwallettoken.com/tr/staking.html]
[bestwallettoken.com/vi/staking.html]
[bestwallettoken.com/_next/static/css/7654153df44d15cf.css]
[bestwallettoken.com/en/GET.html]
[bestwallettoken.com/_next/static/media/logo.54d35893.svg]
[bestwallettoken.com/_next/static/css/0bb41860bda823af.css]
[bestwallettoken.com/tr/GET.html]
[bestwallettoken.com/_next/static/media/Poppins-Thin.605324f7.ttf]
[bestwallettoken.com/_next/static/media/Poppins-ExtraLight.9102fb84.ttf]
[bestwallettoken.com/_next/static/media/Poppins-Light.8b20023e.ttf]
[bestwallettoken.com/_next/static/media/Poppins-Bold.8001a01b.ttf]
[bestwallettoken.com/_next/static/media/034d78ad42e9620c-s.woff2]
[bestwallettoken.com/_next/static/media/fe0777f1195381cb-s.woff2]
[bestwallettoken.com/_next/static/media/eafabf029ad39a43-s.p.woff2]
[bestwallettoken.com/_next/static/media/db911767852bc875-s.woff2]
[bestwallettoken.com/_next/static/media/f10b8e9d91f3edcb-s.woff2]
[bestwallettoken.com/_next/static/media/8888a3826f4a3af4-s.p.woff2]
[bestwallettoken.com/_next/static/media/29e7bbdce9332268-s.woff2]
[bestwallettoken.com/_next/static/media/c3bc380753a8436c-s.woff2]
[bestwallettoken.com/_next/static/media/0484562807a97172-s.p.woff2]
[bestwallettoken.com/_next/static/media/29a4aea02fdee119-s.woff2]
[bestwallettoken.com/_next/static/media/a1386beebedccca4-s.woff2]
[bestwallettoken.com/_next/static/media/b957ea75a84b6ea7-s.p.woff2]
[bestwallettoken.com/_next/static/css/badc4002cd0d734b.css]
[bestwallettoken.com/ar/GET.html]
[bestwallettoken.com/bg/GET.html]
[bestwallettoken.com/zh/GET.html]
[bestwallettoken.com/cs/GET.html]
[bestwallettoken.com/da/GET.html]
[bestwallettoken.com/nl/GET.html]
[bestwallettoken.com/fr/GET.html]
[bestwallettoken.com/de/GET.html]
[bestwallettoken.com/hu/GET.html]
[bestwallettoken.com/id/GET.html]
[bestwallettoken.com/it/GET.html]
[bestwallettoken.com/ja/GET.html]
[bestwallettoken.com/ko/GET.html]
[bestwallettoken.com/pl/GET.html]
[bestwallettoken.com/pt/GET.html]
[bestwallettoken.com/ro/GET.html]
[bestwallettoken.com/ru/GET.html]
[bestwallettoken.com/sk/GET.html]
[bestwallettoken.com/es/GET.html]
[bestwallettoken.com/th/GET.html]
[bestwallettoken.com/tr/GET.html]
